// Vitest Snapshot v1, https://vitest.dev/guide/snapshot.html

exports[`LinkItem > should not regress (snapshot test) 1`] = `"<a class=\\"cursor-pointer text-slate-300 hover:text-slate-300 text-slate-400 underline\\"><span class=\\"relative material-symbols-outlined top-[4px] mr-1\\" style=\\"font-size:;\\"></span><!--[--><!--]--></a>"`;
