// Vitest Snapshot v1, https://vitest.dev/guide/snapshot.html

exports[`LinkItem > should not regress (snapshot test) 1`] = `"<a data-test=\\"link\\" class=\\"cursor-pointer text-slate-300 hover:text-slate-300 text-slate-400 underline\\"><span data-test=\\"icon\\" class=\\"relative material-symbols-outlined top-[4px] mr-1\\" style=\\"font-size:;\\"></span><!--[-->LinkItem<!--]--></a>"`;
